
> client@0.1.0 build
> react-scripts build

Creating an optimized production build...
Compiled successfully.

File sizes after gzip:

  103.02 kB  build\static\js\main.affa1a45.js
  15.09 kB   build\static\css\main.daca9640.css
  1.76 kB    build\static\js\453.af205ec6.chunk.js

The project was built assuming it is hosted at /.
You can control this with the homepage field in your package.json.

The build folder is ready to be deployed.
You may serve it with a static server:

  npm install -g serve
  serve -s build

Find out more about deployment here:

  https://cra.link/deployment

